// Jest Snapshot v1, https://goo.gl/fbAQLP

exports[`<Details /> checks the UI 1`] = `
.c1 {
  pointer-events: none;
  -moz-user-select: none;
  -khtml-user-select: none;
  -webkit-user-select: none;
  -ms-user-select: none;
  -webkit-user-select: none;
  -moz-user-select: none;
  -ms-user-select: none;
  user-select: none;
}

.c0 {
  height: 100%;
  overflow-y: auto;
  overflow-x: hidden;
}

.c0::-webkit-scrollbar {
  width: 2px;
}

.c0::-webkit-scrollbar-thumb {
  border-radius: 10px;
  width: 3px;
  opacity: 0.3;
}

.c0::-webkit-scrollbar-track {
  -webkit-box-shadow: inset 0 0 6px rgba(0,0,0,0.3);
  margin-top: 5px;
  border-radius: 10px;
  opacity: 0.3;
  padding: 5px 0px;
}

<div
  className="c0"
>
  <span
    className="c1"
  >
    Details
  </span>
</div>
`;
