// Jest Snapshot v1, https://goo.gl/fbAQLP

exports[`<Activity /> checks the UI 1`] = `
.c3 {
  pointer-events: auto;
}

.c0 {
  outline: none;
  border: none;
  background: none;
  display: -webkit-box;
  display: -webkit-flex;
  display: -ms-flexbox;
  display: flex;
  -webkit-align-items: flex-start;
  -webkit-box-align: flex-start;
  -ms-flex-align: flex-start;
  align-items: flex-start;
  padding: 0px 27px 0px 20px;
  margin: 30px 0px;
}

.c2 {
  -webkit-flex: 1;
  -ms-flex: 1;
  flex: 1;
  padding-left: 7px;
  position: relative;
}

.c4 {
  outline: none;
  display: -webkit-box;
  display: -webkit-flex;
  display: -ms-flexbox;
  display: flex;
  -webkit-align-self: center;
  -ms-flex-item-align: center;
  align-self: center;
  pointer-events: none;
}

.c6 {
  position: absolute;
  top: 0px;
  right: 0px;
}

.c5 {
  outline: none;
  display: -webkit-box;
  display: -webkit-flex;
  display: -ms-flexbox;
  display: flex;
  -webkit-align-self: center;
  -ms-flex-item-align: center;
  align-self: center;
  pointer-events: none;
}

.c1 {
  background-color: #fff;
  background-image: url(christopher-campbell-rDEOVtE7vOs-unsplash.png);
  background-size: 100% 100%;
  width: 24px;
  height: 24px;
  border-radius: 100%;
  border: 0px solid #0d0d1a;
  display: -webkit-box;
  display: -webkit-flex;
  display: -ms-flexbox;
  display: flex;
  -webkit-box-pack: center;
  -webkit-justify-content: center;
  -ms-flex-pack: center;
  justify-content: center;
  -webkit-align-items: center;
  -webkit-box-align: center;
  -ms-flex-align: center;
  align-items: center;
  outline: none;
}

<div
  className="c0"
>
  <button
    className="c1"
    height="24px"
    width="24px"
  />
  <div
    className="c2"
  >
    <span
      className="c3 c4"
    >
      Sara Parker
    </span>
    <span
      className="c3 c5"
    >
      Uploaded "aportman family"
    </span>
    <span
      className="c3 c6"
    >
      13:09
    </span>
  </div>
</div>
`;
