// Jest Snapshot v1, https://goo.gl/fbAQLP

exports[`<TimeSeprator /> checks the UI 1`] = `
.c0 {
  pointer-events: none;
  -moz-user-select: none;
  -khtml-user-select: none;
  -webkit-user-select: none;
  -ms-user-select: none;
  -webkit-user-select: none;
  -moz-user-select: none;
  -ms-user-select: none;
  user-select: none;
}

.c1 {
  background: none;
  outline: none;
  border: none;
  display: -webkit-box;
  display: -webkit-flex;
  display: -ms-flexbox;
  display: flex;
  text-align: center;
  -webkit-align-items: center;
  -webkit-box-align: center;
  -ms-flex-align: center;
  align-items: center;
  -webkit-box-pack: center;
  -webkit-justify-content: center;
  -ms-flex-pack: center;
  justify-content: center;
  width: 100%;
}

<span
  className="c0 c1"
>
  Sat.oct 12
</span>
`;
